Copyright 1986-2016 Xilinx, Inc. All Rights Reserved.
--------------------------------------------------------------------------------------------------------------
| Tool Version : Vivado v.2016.2 (lin64) Build 1577090 Thu Jun  2 16:32:35 MDT 2016
| Date         : Fri Apr 19 16:38:29 2019
| Host         : ares.andrew.local.cmu.edu running 64-bit Red Hat Enterprise Linux Server release 7.6 (Maipo)
| Command      : report_control_sets -verbose -file detect_face_control_sets_placed.rpt
| Design       : detect_face
| Device       : xc7k325t
--------------------------------------------------------------------------------------------------------------

Control Set Information

Table of Contents
-----------------
1. Summary
2. Flip-Flop Distribution
3. Detailed Control Set Information

1. Summary
----------

+----------------------------------------------------------+-------+
|                          Status                          | Count |
+----------------------------------------------------------+-------+
| Number of unique control sets                            |    65 |
| Unused register locations in slices containing registers |   151 |
+----------------------------------------------------------+-------+


2. Flip-Flop Distribution
-------------------------

+--------------+-----------------------+------------------------+-----------------+--------------+
| Clock Enable | Synchronous Set/Reset | Asynchronous Set/Reset | Total Registers | Total Slices |
+--------------+-----------------------+------------------------+-----------------+--------------+
| No           | No                    | No                     |             506 |          172 |
| No           | No                    | Yes                    |               0 |            0 |
| No           | Yes                   | No                     |             177 |           76 |
| Yes          | No                    | No                     |            1251 |          399 |
| Yes          | No                    | Yes                    |               0 |            0 |
| Yes          | Yes                   | No                     |             587 |          191 |
+--------------+-----------------------+------------------------+-----------------+--------------+


3. Detailed Control Set Information
-----------------------------------

+-------------------+----------------------------------------------------------------------------------------------------------------------------------------------------------------------------------+--------------------------------------------------------------------------------------------------------------------------------------------------------------------------------------+------------------+----------------+
|    Clock Signal   |                                                                                   Enable Signal                                                                                  |                                                                                   Set/Reset Signal                                                                                   | Slice Load Count | Bel Load Count |
+-------------------+----------------------------------------------------------------------------------------------------------------------------------------------------------------------------------+--------------------------------------------------------------------------------------------------------------------------------------------------------------------------------------+------------------+----------------+
|  ap_clk_IBUF_BUFG |                                                                                                                                                                                  | grp_detect_face_downscale_fu_379/detect_face_udiv_24ns_32ns_32_28_seq_U2/detect_face_udiv_24ns_32ns_32_28_seq_div_U/detect_face_udiv_24ns_32ns_32_28_seq_div_u_0/r_stage_reg_n_0_[0] |                1 |              4 |
|  ap_clk_IBUF_BUFG | grp_detect_face_cascade_classifier_fu_315/result_score_1_fu_166[24]_i_1_n_0                                                                                                      | grp_detect_face_cascade_classifier_fu_315/result_score_1_fu_166[31]_i_1_n_0                                                                                                          |                1 |              7 |
|  ap_clk_IBUF_BUFG |                                                                                                                                                                                  | detect_face_fdiv_32ns_32ns_32_6_U44/detect_face_ap_fdiv_4_no_dsp_32_u/U0/i_synth/DIV_OP.SPD.OP/EXP/STATE_UP_DELAY/i_pipe/p_27_out__0                                                 |                3 |              7 |
|  ap_clk_IBUF_BUFG | ap_sig_153                                                                                                                                                                       | detect_face_fmul_32ns_32ns_32_1_max_dsp_U42/result_V_reg_1150[0]                                                                                                                     |                5 |              7 |
|  ap_clk_IBUF_BUFG |                                                                                                                                                                                  | detect_face_fdiv_32ns_32ns_32_6_U43/detect_face_ap_fdiv_4_no_dsp_32_u/U0/i_synth/DIV_OP.SPD.OP/EXP/STATE_UP_DELAY/i_pipe/p_27_out__0                                                 |                4 |              7 |
|  ap_clk_IBUF_BUFG | grp_detect_face_downscale_fu_379/row_reg_1240                                                                                                                                    | grp_detect_face_downscale_fu_379/row_reg_124                                                                                                                                         |                4 |              7 |
|  ap_clk_IBUF_BUFG | read_row[6]_i_1_n_0                                                                                                                                                              | p_0_reg_300[7]_i_2_n_0                                                                                                                                                               |                2 |              7 |
|  ap_clk_IBUF_BUFG | grp_detect_face_downscale_fu_379/col_reg_1350                                                                                                                                    |                                                                                                                                                                                      |                4 |              7 |
|  ap_clk_IBUF_BUFG | grp_detect_face_cascade_classifier_fu_315/ap_CS_fsm[15]_i_1_n_0                                                                                                                  | grp_detect_face_cascade_classifier_fu_315/tmp_87_reg_2071[7]_i_1_n_0                                                                                                                 |                4 |              7 |
|  ap_clk_IBUF_BUFG | grp_detect_face_cascade_classifier_fu_315/col_reg_6310                                                                                                                           | grp_detect_face_cascade_classifier_fu_315/p_1_fu_162[7]_i_1_n_0                                                                                                                      |                4 |              8 |
|  ap_clk_IBUF_BUFG | p_0_reg_300[7]_i_2_n_0                                                                                                                                                           | p_0_reg_300                                                                                                                                                                          |                2 |              8 |
|  ap_clk_IBUF_BUFG | grp_detect_face_downscale_fu_379/ap_reg_ppiten_pp0_it10                                                                                                                          |                                                                                                                                                                                      |                4 |              9 |
|  ap_clk_IBUF_BUFG |                                                                                                                                                                                  | detect_face_dmul_64ns_64ns_64_4_max_dsp_U47/detect_face_ap_dmul_2_max_dsp_64_u/U0/i_synth/MULT.OP/EXP/SIG_DELAY/i_pipe/RESULT_REG.NORMAL.exp_op_reg[0]                               |                4 |             11 |
|  ap_clk_IBUF_BUFG | grp_detect_face_cascade_classifier_fu_315/tmp_61_reg_2130[0]_i_1_n_0                                                                                                             |                                                                                                                                                                                      |                4 |             13 |
|  ap_clk_IBUF_BUFG | grp_detect_face_cascade_classifier_fu_315/feature_index_1_reg_689[12]_i_1_n_0                                                                                                    |                                                                                                                                                                                      |                8 |             13 |
|  ap_clk_IBUF_BUFG | grp_detect_face_cascade_classifier_fu_315/tmp_57_reg_2330[16]_i_1_n_0                                                                                                            |                                                                                                                                                                                      |                5 |             17 |
|  ap_clk_IBUF_BUFG | grp_detect_face_cascade_classifier_fu_315/tmp_58_reg_2345[16]_i_1_n_0                                                                                                            |                                                                                                                                                                                      |                5 |             17 |
|  ap_clk_IBUF_BUFG | accum_reg_2780                                                                                                                                                                   |                                                                                                                                                                                      |                7 |             20 |
|  ap_clk_IBUF_BUFG | grp_detect_face_cascade_classifier_fu_315/stage_accum_reg_677[0]_i_2_n_0                                                                                                         | grp_detect_face_cascade_classifier_fu_315/stage_accum_reg_677[0]_i_1_n_0                                                                                                             |                6 |             21 |
|  ap_clk_IBUF_BUFG |                                                                                                                                                                                  | detect_face_fdiv_32ns_32ns_32_6_U43/detect_face_ap_fdiv_4_no_dsp_32_u/U0/i_synth/DIV_OP.SPD.OP/EXP/STATE_UP_DELAY/i_pipe/SR[0]                                                       |                7 |             22 |
|  ap_clk_IBUF_BUFG |                                                                                                                                                                                  | detect_face_fdiv_32ns_32ns_32_6_U44/detect_face_ap_fdiv_4_no_dsp_32_u/U0/i_synth/DIV_OP.SPD.OP/EXP/STATE_UP_DELAY/i_pipe/SR[0]                                                       |                7 |             22 |
|  ap_clk_IBUF_BUFG | grp_detect_face_downscale_fu_379/col_reg_1350                                                                                                                                    | grp_detect_face_downscale_fu_379/col_reg_135                                                                                                                                         |                6 |             23 |
|  ap_clk_IBUF_BUFG | grp_detect_face_downscale_fu_379/detect_face_udiv_24ns_32ns_32_28_seq_U2/detect_face_udiv_24ns_32ns_32_28_seq_div_U/detect_face_udiv_24ns_32ns_32_28_seq_div_u_0/quot_reg[23][0] |                                                                                                                                                                                      |                9 |             24 |
|  ap_clk_IBUF_BUFG | grp_detect_face_cascade_classifier_fu_315/ap_sig_319                                                                                                                             |                                                                                                                                                                                      |                9 |             24 |
|  ap_clk_IBUF_BUFG | grp_detect_face_cascade_classifier_fu_315/result_score_1_fu_166[24]_i_1_n_0                                                                                                      |                                                                                                                                                                                      |                7 |             25 |
|  ap_clk_IBUF_BUFG | grp_detect_face_cascade_classifier_fu_315/ap_sig_222                                                                                                                             |                                                                                                                                                                                      |                8 |             25 |
|  ap_clk_IBUF_BUFG | grp_detect_face_downscale_fu_379/detect_face_udiv_25ns_32ns_32_29_seq_U1/detect_face_udiv_25ns_32ns_32_29_seq_div_U/detect_face_udiv_25ns_32ns_32_29_seq_div_u_0/quot_reg[0][0]  |                                                                                                                                                                                      |                6 |             25 |
|  ap_clk_IBUF_BUFG | ap_NS_fsm[5]                                                                                                                                                                     |                                                                                                                                                                                      |                9 |             25 |
|  ap_clk_IBUF_BUFG | grp_detect_face_cascade_classifier_fu_315/tmp_92_reg_2165[14]_i_1_n_0                                                                                                            |                                                                                                                                                                                      |                9 |             25 |
|  ap_clk_IBUF_BUFG | grp_detect_face_cascade_classifier_fu_315/tmp_98_reg_2240[14]_i_1_n_0                                                                                                            |                                                                                                                                                                                      |                9 |             25 |
|  ap_clk_IBUF_BUFG | ap_sig_162                                                                                                                                                                       | detect_face_fdiv_32ns_32ns_32_6_U43/SR[0]                                                                                                                                            |               14 |             27 |
|  ap_clk_IBUF_BUFG | ap_sig_162                                                                                                                                                                       | detect_face_fdiv_32ns_32ns_32_6_U44/curr_width_reg_208_reg[15]                                                                                                                       |               13 |             29 |
|  ap_clk_IBUF_BUFG | grp_detect_face_cascade_classifier_fu_315/grp_detect_face_int_sqrt_fu_699/c_1_reg_16130                                                                                          |                                                                                                                                                                                      |               13 |             29 |
|  ap_clk_IBUF_BUFG | grp_detect_face_cascade_classifier_fu_315/reg_7370                                                                                                                               |                                                                                                                                                                                      |               10 |             31 |
|  ap_clk_IBUF_BUFG | ap_sig_144                                                                                                                                                                       |                                                                                                                                                                                      |                7 |             31 |
|  ap_clk_IBUF_BUFG | grp_detect_face_cascade_classifier_fu_315/grp_detect_face_int_sqrt_fu_699/E[0]                                                                                                   |                                                                                                                                                                                      |               15 |             31 |
|  ap_clk_IBUF_BUFG | grp_detect_face_cascade_classifier_fu_315/tmp_51_reg_22800                                                                                                                       |                                                                                                                                                                                      |                5 |             32 |
|  ap_clk_IBUF_BUFG | row_reg_2560                                                                                                                                                                     | grp_detect_face_downscale_fu_379/SR[0]                                                                                                                                               |                8 |             32 |
|  ap_clk_IBUF_BUFG | sel                                                                                                                                                                              | clear                                                                                                                                                                                |                8 |             32 |
|  ap_clk_IBUF_BUFG | storemerge_reg_290[31]_i_1_n_0                                                                                                                                                   |                                                                                                                                                                                      |                9 |             32 |
|  ap_clk_IBUF_BUFG | ap_sig_113                                                                                                                                                                       |                                                                                                                                                                                      |                8 |             32 |
|  ap_clk_IBUF_BUFG | ap_sig_95                                                                                                                                                                        |                                                                                                                                                                                      |                9 |             32 |
|  ap_clk_IBUF_BUFG | ap_sig_70                                                                                                                                                                        |                                                                                                                                                                                      |                9 |             32 |
|  ap_clk_IBUF_BUFG | grp_detect_face_downscale_fu_379/detect_face_udiv_25ns_32ns_32_29_seq_U1/detect_face_udiv_25ns_32ns_32_29_seq_div_U/start0                                                       |                                                                                                                                                                                      |               10 |             32 |
|  ap_clk_IBUF_BUFG | grp_detect_face_cascade_classifier_fu_315/ap_CS_fsm[2]_i_1__0_n_0                                                                                                                | grp_detect_face_cascade_classifier_fu_315/col_mid2_reg_1974[31]_i_1_n_0                                                                                                              |                9 |             32 |
|  ap_clk_IBUF_BUFG | grp_detect_face_cascade_classifier_fu_315/ap_sig_284                                                                                                                             |                                                                                                                                                                                      |                9 |             32 |
|  ap_clk_IBUF_BUFG | grp_detect_face_cascade_classifier_fu_315/tmp_55_reg_23150                                                                                                                       |                                                                                                                                                                                      |                5 |             32 |
|  ap_clk_IBUF_BUFG | grp_detect_face_cascade_classifier_fu_315/tmp_47_reg_22250                                                                                                                       |                                                                                                                                                                                      |                8 |             32 |
|  ap_clk_IBUF_BUFG | grp_detect_face_downscale_fu_379/detect_face_udiv_24ns_32ns_32_28_seq_U2/detect_face_udiv_24ns_32ns_32_28_seq_div_U/start0_reg_n_0                                               |                                                                                                                                                                                      |               11 |             32 |
|  ap_clk_IBUF_BUFG | grp_detect_face_cascade_classifier_fu_315/ap_NS_fsm[1]                                                                                                                           |                                                                                                                                                                                      |               13 |             40 |
|  ap_clk_IBUF_BUFG | grp_detect_face_cascade_classifier_fu_315/s_reg_666[4]_i_2_n_0                                                                                                                   | grp_detect_face_cascade_classifier_fu_315/grp_detect_face_int_sqrt_fu_699/SR[0]                                                                                                      |               11 |             44 |
|  ap_clk_IBUF_BUFG | grp_detect_face_cascade_classifier_fu_315/detect_face_mul_mul_8s_16ns_24_1_U10/detect_face_mul_mul_8s_16ns_24_1_DSP48_0_U/p_0[0]                                                 |                                                                                                                                                                                      |               22 |             51 |
|  ap_clk_IBUF_BUFG | grp_detect_face_cascade_classifier_fu_315/E[0]                                                                                                                                   | detect_face_dmul_64ns_64ns_64_4_max_dsp_U47/detect_face_ap_dmul_2_max_dsp_64_u/U0/i_synth/MULT.OP/EXP/STATE_DELAY/i_pipe/SR[0]                                                       |               13 |             51 |
|  ap_clk_IBUF_BUFG | grp_detect_face_cascade_classifier_fu_315/E[0]                                                                                                                                   |                                                                                                                                                                                      |               18 |             52 |
|  ap_clk_IBUF_BUFG | grp_detect_face_cascade_classifier_fu_315/FEATURE_ABOVE_ce0                                                                                                                      |                                                                                                                                                                                      |               13 |             52 |
|  ap_clk_IBUF_BUFG | ap_sig_162                                                                                                                                                                       | curr_height_reg_2201                                                                                                                                                                 |               24 |             53 |
|  ap_clk_IBUF_BUFG | grp_detect_face_cascade_classifier_fu_315/ap_CS_fsm[2]_i_1__0_n_0                                                                                                                |                                                                                                                                                                                      |               17 |             55 |
|  ap_clk_IBUF_BUFG | grp_detect_face_cascade_classifier_fu_315/grp_detect_face_int_sqrt_fu_699/ap_sig_71                                                                                              |                                                                                                                                                                                      |               22 |             63 |
|  ap_clk_IBUF_BUFG | grp_detect_face_cascade_classifier_fu_315/ap_sig_271                                                                                                                             |                                                                                                                                                                                      |               19 |             64 |
|  ap_clk_IBUF_BUFG | ap_sig_277                                                                                                                                                                       | accum_reg_2780                                                                                                                                                                       |               20 |             64 |
|  ap_clk_IBUF_BUFG | grp_detect_face_cascade_classifier_fu_315/ap_sig_247                                                                                                                             |                                                                                                                                                                                      |               17 |             64 |
|  ap_clk_IBUF_BUFG | grp_detect_face_cascade_classifier_fu_315/col_reg_6310                                                                                                                           |                                                                                                                                                                                      |               27 |             74 |
|  ap_clk_IBUF_BUFG |                                                                                                                                                                                  | ap_rst_IBUF                                                                                                                                                                          |               50 |            104 |
|  ap_clk_IBUF_BUFG | grp_detect_face_cascade_classifier_fu_315/col_reg_63106_out                                                                                                                      | grp_detect_face_cascade_classifier_fu_315/indvar_flatten_reg_609[63]_i_1_n_0                                                                                                         |               37 |            128 |
|  ap_clk_IBUF_BUFG |                                                                                                                                                                                  |                                                                                                                                                                                      |              178 |            540 |
+-------------------+----------------------------------------------------------------------------------------------------------------------------------------------------------------------------------+--------------------------------------------------------------------------------------------------------------------------------------------------------------------------------------+------------------+----------------+


