Copyright 1986-2016 Xilinx, Inc. All Rights Reserved.
-------------------------------------------------------------------------------------------------------------
| Tool Version : Vivado v.2016.2 (lin64) Build 1577090 Thu Jun  2 16:32:35 MDT 2016
| Date         : Fri Apr 19 04:05:16 2019
| Host         : ece030.ece.local.cmu.edu running 64-bit Red Hat Enterprise Linux Server release 7.6 (Maipo)
| Command      : report_control_sets -verbose -file detect_face_control_sets_placed.rpt
| Design       : detect_face
| Device       : xc7k325t
-------------------------------------------------------------------------------------------------------------

Control Set Information

Table of Contents
-----------------
1. Summary
2. Flip-Flop Distribution
3. Detailed Control Set Information

1. Summary
----------

+----------------------------------------------------------+-------+
|                          Status                          | Count |
+----------------------------------------------------------+-------+
| Number of unique control sets                            |    64 |
| Unused register locations in slices containing registers |   152 |
+----------------------------------------------------------+-------+


2. Flip-Flop Distribution
-------------------------

+--------------+-----------------------+------------------------+-----------------+--------------+
| Clock Enable | Synchronous Set/Reset | Asynchronous Set/Reset | Total Registers | Total Slices |
+--------------+-----------------------+------------------------+-----------------+--------------+
| No           | No                    | No                     |             505 |          184 |
| No           | No                    | Yes                    |               0 |            0 |
| No           | Yes                   | No                     |             178 |           81 |
| Yes          | No                    | No                     |            1305 |          411 |
| Yes          | No                    | Yes                    |               0 |            0 |
| Yes          | Yes                   | No                     |             660 |          201 |
+--------------+-----------------------+------------------------+-----------------+--------------+


3. Detailed Control Set Information
-----------------------------------

+-------------------+----------------------------------------------------------------------------------------------------------------------------------------------------------------------------------+--------------------------------------------------------------------------------------------------------------------------------------------------------------------------------------+------------------+----------------+
|    Clock Signal   |                                                                                   Enable Signal                                                                                  |                                                                                   Set/Reset Signal                                                                                   | Slice Load Count | Bel Load Count |
+-------------------+----------------------------------------------------------------------------------------------------------------------------------------------------------------------------------+--------------------------------------------------------------------------------------------------------------------------------------------------------------------------------------+------------------+----------------+
|  ap_clk_IBUF_BUFG |                                                                                                                                                                                  | grp_detect_face_downscale_fu_376/detect_face_udiv_24ns_32ns_32_28_seq_U2/detect_face_udiv_24ns_32ns_32_28_seq_div_U/detect_face_udiv_24ns_32ns_32_28_seq_div_u_0/r_stage_reg_n_0_[0] |                1 |              4 |
|  ap_clk_IBUF_BUFG |                                                                                                                                                                                  | detect_face_fdiv_32ns_32ns_32_6_U44/detect_face_ap_fdiv_4_no_dsp_32_u/U0/i_synth/DIV_OP.SPD.OP/EXP/STATE_UP_DELAY/i_pipe/p_27_out__0                                                 |                2 |              7 |
|  ap_clk_IBUF_BUFG | read_row[6]_i_1_n_0                                                                                                                                                              | p_0_reg_296[31]_i_2_n_0                                                                                                                                                              |                2 |              7 |
|  ap_clk_IBUF_BUFG |                                                                                                                                                                                  | detect_face_fdiv_32ns_32ns_32_6_U43/detect_face_ap_fdiv_4_no_dsp_32_u/U0/i_synth/DIV_OP.SPD.OP/EXP/STATE_UP_DELAY/i_pipe/p_27_out__0                                                 |                3 |              7 |
|  ap_clk_IBUF_BUFG | grp_detect_face_downscale_fu_376/row_reg_1240                                                                                                                                    | grp_detect_face_downscale_fu_376/row_reg_124                                                                                                                                         |                7 |              7 |
|  ap_clk_IBUF_BUFG | grp_detect_face_downscale_fu_376/col_reg_1350                                                                                                                                    |                                                                                                                                                                                      |                5 |              7 |
|  ap_clk_IBUF_BUFG | grp_detect_face_downscale_fu_376/ap_reg_ppiten_pp0_it10                                                                                                                          |                                                                                                                                                                                      |                6 |              9 |
|  ap_clk_IBUF_BUFG |                                                                                                                                                                                  | detect_face_dmul_64ns_64ns_64_4_max_dsp_U47/detect_face_ap_dmul_2_max_dsp_64_u/U0/i_synth/MULT.OP/EXP/SIG_DELAY/i_pipe/RESULT_REG.NORMAL.exp_op_reg[0]                               |                4 |             11 |
|  ap_clk_IBUF_BUFG | grp_detect_face_cascade_classifier_fu_311/feature_index_1_reg_703[12]_i_1_n_0                                                                                                    |                                                                                                                                                                                      |                9 |             13 |
|  ap_clk_IBUF_BUFG | grp_detect_face_cascade_classifier_fu_311/tmp_60_reg_21130                                                                                                                       |                                                                                                                                                                                      |                4 |             13 |
|  ap_clk_IBUF_BUFG | grp_detect_face_cascade_classifier_fu_311/tmp_57_reg_23280                                                                                                                       |                                                                                                                                                                                      |                5 |             17 |
|  ap_clk_IBUF_BUFG | grp_detect_face_cascade_classifier_fu_311/ap_reg_ppiten_pp0_it10                                                                                                                 |                                                                                                                                                                                      |                5 |             17 |
|  ap_clk_IBUF_BUFG | accum_reg_2740                                                                                                                                                                   |                                                                                                                                                                                      |                7 |             20 |
|  ap_clk_IBUF_BUFG | grp_detect_face_cascade_classifier_fu_311/stage_accum_reg_6910                                                                                                                   | grp_detect_face_cascade_classifier_fu_311/stage_accum_reg_691                                                                                                                        |                6 |             21 |
|  ap_clk_IBUF_BUFG |                                                                                                                                                                                  | detect_face_fdiv_32ns_32ns_32_6_U43/detect_face_ap_fdiv_4_no_dsp_32_u/U0/i_synth/DIV_OP.SPD.OP/EXP/STATE_UP_DELAY/i_pipe/SR[0]                                                       |                7 |             22 |
|  ap_clk_IBUF_BUFG |                                                                                                                                                                                  | detect_face_fdiv_32ns_32ns_32_6_U44/detect_face_ap_fdiv_4_no_dsp_32_u/U0/i_synth/DIV_OP.SPD.OP/EXP/STATE_UP_DELAY/i_pipe/SR[0]                                                       |                7 |             22 |
|  ap_clk_IBUF_BUFG | grp_detect_face_downscale_fu_376/col_reg_1350                                                                                                                                    | grp_detect_face_downscale_fu_376/col_reg_135                                                                                                                                         |                6 |             23 |
|  ap_clk_IBUF_BUFG | grp_detect_face_downscale_fu_376/detect_face_udiv_24ns_32ns_32_28_seq_U2/detect_face_udiv_24ns_32ns_32_28_seq_div_U/detect_face_udiv_24ns_32ns_32_28_seq_div_u_0/quot_reg[23][0] |                                                                                                                                                                                      |               10 |             24 |
|  ap_clk_IBUF_BUFG | grp_detect_face_cascade_classifier_fu_311/ap_sig_346                                                                                                                             |                                                                                                                                                                                      |                7 |             24 |
|  ap_clk_IBUF_BUFG | grp_detect_face_cascade_classifier_fu_311/tmp_90_reg_21480                                                                                                                       |                                                                                                                                                                                      |                9 |             25 |
|  ap_clk_IBUF_BUFG | grp_detect_face_cascade_classifier_fu_311/tmp_96_reg_2223[14]_i_1_n_0                                                                                                            |                                                                                                                                                                                      |                9 |             25 |
|  ap_clk_IBUF_BUFG | grp_detect_face_downscale_fu_376/detect_face_udiv_25ns_32ns_32_29_seq_U1/detect_face_udiv_25ns_32ns_32_29_seq_div_U/detect_face_udiv_25ns_32ns_32_29_seq_div_u_0/quot_reg[0][0]  |                                                                                                                                                                                      |                9 |             25 |
|  ap_clk_IBUF_BUFG | grp_detect_face_cascade_classifier_fu_311/ap_sig_247                                                                                                                             |                                                                                                                                                                                      |                5 |             25 |
|  ap_clk_IBUF_BUFG | ap_NS_fsm[5]                                                                                                                                                                     |                                                                                                                                                                                      |               11 |             25 |
|  ap_clk_IBUF_BUFG | ap_sig_187                                                                                                                                                                       | detect_face_fdiv_32ns_32ns_32_6_U43/SR[0]                                                                                                                                            |               11 |             27 |
|  ap_clk_IBUF_BUFG | ap_sig_187                                                                                                                                                                       | detect_face_fdiv_32ns_32ns_32_6_U44/curr_width_reg_192_reg[15]                                                                                                                       |               10 |             29 |
|  ap_clk_IBUF_BUFG | grp_detect_face_cascade_classifier_fu_311/grp_detect_face_int_sqrt_fu_713/c_1_reg_16130                                                                                          |                                                                                                                                                                                      |               12 |             29 |
|  ap_clk_IBUF_BUFG | ap_sig_169                                                                                                                                                                       |                                                                                                                                                                                      |                7 |             31 |
|  ap_clk_IBUF_BUFG | ap_sig_178                                                                                                                                                                       | detect_face_fmul_32ns_32ns_32_1_max_dsp_U42/result_V_reg_1119[0]                                                                                                                     |               11 |             31 |
|  ap_clk_IBUF_BUFG | grp_detect_face_cascade_classifier_fu_311/loc_V_7_reg_20490                                                                                                                      |                                                                                                                                                                                      |               12 |             31 |
|  ap_clk_IBUF_BUFG | grp_detect_face_cascade_classifier_fu_311/reg_7340                                                                                                                               |                                                                                                                                                                                      |                6 |             31 |
|  ap_clk_IBUF_BUFG | grp_detect_face_cascade_classifier_fu_311/ap_sig_539                                                                                                                             |                                                                                                                                                                                      |               11 |             31 |
|  ap_clk_IBUF_BUFG | grp_detect_face_cascade_classifier_fu_311/ap_CS_fsm[2]_i_1__0_n_0                                                                                                                | grp_detect_face_cascade_classifier_fu_311/col_mid2_reg_1952[28]_i_1_n_0                                                                                                              |               10 |             31 |
|  ap_clk_IBUF_BUFG | grp_detect_face_cascade_classifier_fu_311/grp_detect_face_int_sqrt_fu_713/E[0]                                                                                                   |                                                                                                                                                                                      |                8 |             31 |
|  ap_clk_IBUF_BUFG | grp_detect_face_cascade_classifier_fu_311/tmp_46_reg_22080                                                                                                                       |                                                                                                                                                                                      |                8 |             32 |
|  ap_clk_IBUF_BUFG | ap_sig_138                                                                                                                                                                       |                                                                                                                                                                                      |                8 |             32 |
|  ap_clk_IBUF_BUFG | grp_detect_face_downscale_fu_376/detect_face_udiv_25ns_32ns_32_29_seq_U1/detect_face_udiv_25ns_32ns_32_29_seq_div_U/start0                                                       |                                                                                                                                                                                      |               10 |             32 |
|  ap_clk_IBUF_BUFG | row_reg_2520                                                                                                                                                                     | grp_detect_face_downscale_fu_376/SR[0]                                                                                                                                               |                7 |             32 |
|  ap_clk_IBUF_BUFG | sel                                                                                                                                                                              | clear                                                                                                                                                                                |                8 |             32 |
|  ap_clk_IBUF_BUFG | storemerge_reg_286[31]_i_1_n_0                                                                                                                                                   |                                                                                                                                                                                      |               12 |             32 |
|  ap_clk_IBUF_BUFG | p_0_reg_296[31]_i_2_n_0                                                                                                                                                          | p_0_reg_296                                                                                                                                                                          |               11 |             32 |
|  ap_clk_IBUF_BUFG | ap_sig_97                                                                                                                                                                        |                                                                                                                                                                                      |                9 |             32 |
|  ap_clk_IBUF_BUFG | ap_sig_120                                                                                                                                                                       |                                                                                                                                                                                      |                9 |             32 |
|  ap_clk_IBUF_BUFG | grp_detect_face_downscale_fu_376/detect_face_udiv_24ns_32ns_32_28_seq_U2/detect_face_udiv_24ns_32ns_32_28_seq_div_U/start0_reg_n_0                                               |                                                                                                                                                                                      |               11 |             32 |
|  ap_clk_IBUF_BUFG | grp_detect_face_cascade_classifier_fu_311/ap_sig_309                                                                                                                             |                                                                                                                                                                                      |                9 |             32 |
|  ap_clk_IBUF_BUFG | grp_detect_face_cascade_classifier_fu_311/p_1_fu_154[0]_i_1_n_0                                                                                                                  |                                                                                                                                                                                      |                8 |             32 |
|  ap_clk_IBUF_BUFG | grp_detect_face_cascade_classifier_fu_311/tmp_54_reg_22980                                                                                                                       |                                                                                                                                                                                      |                7 |             32 |
|  ap_clk_IBUF_BUFG | grp_detect_face_cascade_classifier_fu_311/tmp_50_reg_22630                                                                                                                       |                                                                                                                                                                                      |               11 |             32 |
|  ap_clk_IBUF_BUFG | grp_detect_face_cascade_classifier_fu_311/ap_NS_fsm[1]                                                                                                                           |                                                                                                                                                                                      |                6 |             32 |
|  ap_clk_IBUF_BUFG | grp_detect_face_cascade_classifier_fu_311/feature_index_reg_66805_out                                                                                                            | grp_detect_face_cascade_classifier_fu_311/grp_detect_face_int_sqrt_fu_713/feature_index_reg_668                                                                                      |               14 |             44 |
|  ap_clk_IBUF_BUFG | grp_detect_face_cascade_classifier_fu_311/E[0]                                                                                                                                   | detect_face_dmul_64ns_64ns_64_4_max_dsp_U47/detect_face_ap_dmul_2_max_dsp_64_u/U0/i_synth/MULT.OP/EXP/STATE_DELAY/i_pipe/SR[0]                                                       |               16 |             51 |
|  ap_clk_IBUF_BUFG | grp_detect_face_cascade_classifier_fu_311/detect_face_mul_mul_8s_16ns_24_1_U10/detect_face_mul_mul_8s_16ns_24_1_DSP48_0_U/FEATURE_THRESH_load_reg_22330                          |                                                                                                                                                                                      |               19 |             51 |
|  ap_clk_IBUF_BUFG | grp_detect_face_cascade_classifier_fu_311/E[0]                                                                                                                                   |                                                                                                                                                                                      |               20 |             52 |
|  ap_clk_IBUF_BUFG | grp_detect_face_cascade_classifier_fu_311/FEATURE_ABOVE_ce0                                                                                                                      |                                                                                                                                                                                      |               17 |             52 |
|  ap_clk_IBUF_BUFG | grp_detect_face_cascade_classifier_fu_311/ap_CS_fsm[2]_i_1__0_n_0                                                                                                                |                                                                                                                                                                                      |               18 |             56 |
|  ap_clk_IBUF_BUFG | grp_detect_face_cascade_classifier_fu_311/grp_detect_face_int_sqrt_fu_713/ap_sig_71                                                                                              |                                                                                                                                                                                      |               20 |             63 |
|  ap_clk_IBUF_BUFG | ap_sig_310                                                                                                                                                                       | accum_reg_2740                                                                                                                                                                       |               14 |             64 |
|  ap_clk_IBUF_BUFG | grp_detect_face_cascade_classifier_fu_311/ap_sig_272                                                                                                                             |                                                                                                                                                                                      |               17 |             64 |
|  ap_clk_IBUF_BUFG | grp_detect_face_cascade_classifier_fu_311/ap_sig_296                                                                                                                             |                                                                                                                                                                                      |               16 |             64 |
|  ap_clk_IBUF_BUFG | grp_detect_face_cascade_classifier_fu_311/col_reg_6450                                                                                                                           |                                                                                                                                                                                      |               19 |             66 |
|  ap_clk_IBUF_BUFG | ap_sig_187                                                                                                                                                                       | curr_height_reg_2041                                                                                                                                                                 |               33 |            101 |
|  ap_clk_IBUF_BUFG |                                                                                                                                                                                  | ap_rst_IBUF                                                                                                                                                                          |               57 |            105 |
|  ap_clk_IBUF_BUFG | grp_detect_face_cascade_classifier_fu_311/col_reg_64506_out                                                                                                                      | grp_detect_face_cascade_classifier_fu_311/col_reg_645                                                                                                                                |               35 |            128 |
|  ap_clk_IBUF_BUFG |                                                                                                                                                                                  |                                                                                                                                                                                      |              190 |            539 |
+-------------------+----------------------------------------------------------------------------------------------------------------------------------------------------------------------------------+--------------------------------------------------------------------------------------------------------------------------------------------------------------------------------------+------------------+----------------+


