Copyright 1986-2016 Xilinx, Inc. All Rights Reserved.
--------------------------------------------------------------------------------------------------------------
| Tool Version : Vivado v.2016.2 (lin64) Build 1577090 Thu Jun  2 16:32:35 MDT 2016
| Date         : Fri Apr 19 15:43:37 2019
| Host         : ares.andrew.local.cmu.edu running 64-bit Red Hat Enterprise Linux Server release 7.6 (Maipo)
| Command      : report_control_sets -verbose -file detect_face_control_sets_placed.rpt
| Design       : detect_face
| Device       : xc7k325t
--------------------------------------------------------------------------------------------------------------

Control Set Information

Table of Contents
-----------------
1. Summary
2. Flip-Flop Distribution
3. Detailed Control Set Information

1. Summary
----------

+----------------------------------------------------------+-------+
|                          Status                          | Count |
+----------------------------------------------------------+-------+
| Number of unique control sets                            |    65 |
| Unused register locations in slices containing registers |   152 |
+----------------------------------------------------------+-------+


2. Flip-Flop Distribution
-------------------------

+--------------+-----------------------+------------------------+-----------------+--------------+
| Clock Enable | Synchronous Set/Reset | Asynchronous Set/Reset | Total Registers | Total Slices |
+--------------+-----------------------+------------------------+-----------------+--------------+
| No           | No                    | No                     |             505 |          179 |
| No           | No                    | Yes                    |               0 |            0 |
| No           | Yes                   | No                     |             177 |           76 |
| Yes          | No                    | No                     |            1243 |          420 |
| Yes          | No                    | Yes                    |               0 |            0 |
| Yes          | Yes                   | No                     |             627 |          199 |
+--------------+-----------------------+------------------------+-----------------+--------------+


3. Detailed Control Set Information
-----------------------------------

+-------------------+----------------------------------------------------------------------------------------------------------------------------------------------------------------------------------+--------------------------------------------------------------------------------------------------------------------------------------------------------------------------------------+------------------+----------------+
|    Clock Signal   |                                                                                   Enable Signal                                                                                  |                                                                                   Set/Reset Signal                                                                                   | Slice Load Count | Bel Load Count |
+-------------------+----------------------------------------------------------------------------------------------------------------------------------------------------------------------------------+--------------------------------------------------------------------------------------------------------------------------------------------------------------------------------------+------------------+----------------+
|  ap_clk_IBUF_BUFG |                                                                                                                                                                                  | grp_detect_face_downscale_fu_395/detect_face_udiv_24ns_32ns_32_28_seq_U2/detect_face_udiv_24ns_32ns_32_28_seq_div_U/detect_face_udiv_24ns_32ns_32_28_seq_div_u_0/r_stage_reg_n_0_[0] |                1 |              4 |
|  ap_clk_IBUF_BUFG |                                                                                                                                                                                  | detect_face_fdiv_32ns_32ns_32_6_U44/detect_face_ap_fdiv_4_no_dsp_32_u/U0/i_synth/DIV_OP.SPD.OP/EXP/STATE_UP_DELAY/i_pipe/p_27_out__0                                                 |                2 |              7 |
|  ap_clk_IBUF_BUFG |                                                                                                                                                                                  | detect_face_fdiv_32ns_32ns_32_6_U43/detect_face_ap_fdiv_4_no_dsp_32_u/U0/i_synth/DIV_OP.SPD.OP/EXP/STATE_UP_DELAY/i_pipe/p_27_out__0                                                 |                3 |              7 |
|  ap_clk_IBUF_BUFG | grp_detect_face_cascade_classifier_fu_330/result_score_1_fu_168[24]_i_1_n_0                                                                                                      | grp_detect_face_cascade_classifier_fu_330/result_score_1_fu_168[31]_i_1_n_0                                                                                                          |                2 |              7 |
|  ap_clk_IBUF_BUFG | grp_detect_face_downscale_fu_395/row_reg_1240                                                                                                                                    | grp_detect_face_downscale_fu_395/row_reg_124                                                                                                                                         |                3 |              7 |
|  ap_clk_IBUF_BUFG | grp_detect_face_downscale_fu_395/col_reg_1350                                                                                                                                    |                                                                                                                                                                                      |                5 |              7 |
|  ap_clk_IBUF_BUFG | read_row[6]_i_1_n_0                                                                                                                                                              | p_0_reg_315[7]_i_2_n_0                                                                                                                                                               |                2 |              7 |
|  ap_clk_IBUF_BUFG | grp_detect_face_cascade_classifier_fu_330/result_score_0_o_ap_vld_OBUF                                                                                                           |                                                                                                                                                                                      |                4 |              8 |
|  ap_clk_IBUF_BUFG | grp_detect_face_cascade_classifier_fu_330/col_reg_6330                                                                                                                           | grp_detect_face_cascade_classifier_fu_330/p_1_fu_1640                                                                                                                                |                5 |              8 |
|  ap_clk_IBUF_BUFG | p_0_reg_315[7]_i_2_n_0                                                                                                                                                           | p_0_reg_315                                                                                                                                                                          |                3 |              8 |
|  ap_clk_IBUF_BUFG | grp_detect_face_downscale_fu_395/ap_reg_ppiten_pp0_it10                                                                                                                          |                                                                                                                                                                                      |                5 |              9 |
|  ap_clk_IBUF_BUFG |                                                                                                                                                                                  | detect_face_dmul_64ns_64ns_64_4_max_dsp_U47/detect_face_ap_dmul_2_max_dsp_64_u/U0/i_synth/MULT.OP/EXP/SIG_DELAY/i_pipe/RESULT_REG.NORMAL.exp_op_reg[0]                               |                4 |             11 |
|  ap_clk_IBUF_BUFG | grp_detect_face_cascade_classifier_fu_330/tmp_61_reg_21320                                                                                                                       |                                                                                                                                                                                      |                4 |             13 |
|  ap_clk_IBUF_BUFG | grp_detect_face_cascade_classifier_fu_330/feature_index_1_reg_691[12]_i_1_n_0                                                                                                    |                                                                                                                                                                                      |                7 |             13 |
|  ap_clk_IBUF_BUFG | grp_detect_face_cascade_classifier_fu_330/ap_reg_ppiten_pp0_it10                                                                                                                 |                                                                                                                                                                                      |                5 |             17 |
|  ap_clk_IBUF_BUFG | grp_detect_face_cascade_classifier_fu_330/tmp_58_reg_23470                                                                                                                       |                                                                                                                                                                                      |                4 |             17 |
|  ap_clk_IBUF_BUFG | accum_reg_2930                                                                                                                                                                   |                                                                                                                                                                                      |                7 |             20 |
|  ap_clk_IBUF_BUFG | grp_detect_face_cascade_classifier_fu_330/stage_accum_reg_6790                                                                                                                   | grp_detect_face_cascade_classifier_fu_330/stage_accum_reg_679                                                                                                                        |                6 |             21 |
|  ap_clk_IBUF_BUFG |                                                                                                                                                                                  | detect_face_fdiv_32ns_32ns_32_6_U44/detect_face_ap_fdiv_4_no_dsp_32_u/U0/i_synth/DIV_OP.SPD.OP/EXP/STATE_UP_DELAY/i_pipe/SR[0]                                                       |                7 |             22 |
|  ap_clk_IBUF_BUFG |                                                                                                                                                                                  | detect_face_fdiv_32ns_32ns_32_6_U43/detect_face_ap_fdiv_4_no_dsp_32_u/U0/i_synth/DIV_OP.SPD.OP/EXP/STATE_UP_DELAY/i_pipe/SR[0]                                                       |                7 |             22 |
|  ap_clk_IBUF_BUFG | grp_detect_face_downscale_fu_395/col_reg_1350                                                                                                                                    | grp_detect_face_downscale_fu_395/col_reg_135                                                                                                                                         |                7 |             23 |
|  ap_clk_IBUF_BUFG | grp_detect_face_downscale_fu_395/detect_face_udiv_24ns_32ns_32_28_seq_U2/detect_face_udiv_24ns_32ns_32_28_seq_div_U/detect_face_udiv_24ns_32ns_32_28_seq_div_u_0/quot_reg[23][0] |                                                                                                                                                                                      |                6 |             24 |
|  ap_clk_IBUF_BUFG | grp_detect_face_cascade_classifier_fu_330/ap_sig_321                                                                                                                             |                                                                                                                                                                                      |                8 |             24 |
|  ap_clk_IBUF_BUFG | grp_detect_face_downscale_fu_395/detect_face_udiv_25ns_32ns_32_29_seq_U1/detect_face_udiv_25ns_32ns_32_29_seq_div_U/detect_face_udiv_25ns_32ns_32_29_seq_div_u_0/quot_reg[0][0]  |                                                                                                                                                                                      |                8 |             25 |
|  ap_clk_IBUF_BUFG | ap_NS_fsm[5]                                                                                                                                                                     |                                                                                                                                                                                      |               10 |             25 |
|  ap_clk_IBUF_BUFG | grp_detect_face_cascade_classifier_fu_330/result_score_1_fu_168[24]_i_1_n_0                                                                                                      |                                                                                                                                                                                      |                9 |             25 |
|  ap_clk_IBUF_BUFG | grp_detect_face_cascade_classifier_fu_330/tmp_96_reg_2242[14]_i_1_n_0                                                                                                            |                                                                                                                                                                                      |                9 |             25 |
|  ap_clk_IBUF_BUFG | grp_detect_face_cascade_classifier_fu_330/ap_sig_222                                                                                                                             |                                                                                                                                                                                      |                6 |             25 |
|  ap_clk_IBUF_BUFG | grp_detect_face_cascade_classifier_fu_330/tmp_90_reg_21670                                                                                                                       |                                                                                                                                                                                      |                9 |             25 |
|  ap_clk_IBUF_BUFG | ap_sig_165                                                                                                                                                                       | detect_face_fdiv_32ns_32ns_32_6_U43/SR[0]                                                                                                                                            |               11 |             27 |
|  ap_clk_IBUF_BUFG | grp_detect_face_cascade_classifier_fu_330/grp_detect_face_int_sqrt_fu_701/c_1_reg_16130                                                                                          |                                                                                                                                                                                      |               11 |             29 |
|  ap_clk_IBUF_BUFG | ap_sig_165                                                                                                                                                                       | detect_face_fdiv_32ns_32ns_32_6_U44/curr_width_reg_211_reg[15]                                                                                                                       |               15 |             29 |
|  ap_clk_IBUF_BUFG | grp_detect_face_cascade_classifier_fu_330/ap_NS_fsm[15]                                                                                                                          |                                                                                                                                                                                      |               20 |             31 |
|  ap_clk_IBUF_BUFG | ap_sig_156                                                                                                                                                                       | detect_face_fmul_32ns_32ns_32_1_max_dsp_U42/result_V_reg_1152[0]                                                                                                                     |               11 |             31 |
|  ap_clk_IBUF_BUFG | grp_detect_face_cascade_classifier_fu_330/reg_7390                                                                                                                               |                                                                                                                                                                                      |                8 |             31 |
|  ap_clk_IBUF_BUFG | ap_sig_147                                                                                                                                                                       |                                                                                                                                                                                      |                7 |             31 |
|  ap_clk_IBUF_BUFG | grp_detect_face_cascade_classifier_fu_330/ap_CS_fsm[2]_i_1__0_n_0                                                                                                                | grp_detect_face_cascade_classifier_fu_330/col_mid2_reg_1971[29]_i_1_n_0                                                                                                              |                8 |             31 |
|  ap_clk_IBUF_BUFG | grp_detect_face_cascade_classifier_fu_330/grp_detect_face_int_sqrt_fu_701/E[0]                                                                                                   |                                                                                                                                                                                      |               18 |             31 |
|  ap_clk_IBUF_BUFG | ap_sig_98                                                                                                                                                                        |                                                                                                                                                                                      |                9 |             32 |
|  ap_clk_IBUF_BUFG | ap_sig_73                                                                                                                                                                        |                                                                                                                                                                                      |                9 |             32 |
|  ap_clk_IBUF_BUFG | grp_detect_face_cascade_classifier_fu_330/tmp_51_reg_22820                                                                                                                       |                                                                                                                                                                                      |                7 |             32 |
|  ap_clk_IBUF_BUFG | ap_sig_116                                                                                                                                                                       |                                                                                                                                                                                      |                8 |             32 |
|  ap_clk_IBUF_BUFG | storemerge_reg_305[31]_i_1_n_0                                                                                                                                                   |                                                                                                                                                                                      |               16 |             32 |
|  ap_clk_IBUF_BUFG | sel                                                                                                                                                                              | clear                                                                                                                                                                                |                8 |             32 |
|  ap_clk_IBUF_BUFG | row_reg_2710                                                                                                                                                                     | grp_detect_face_downscale_fu_395/SR[0]                                                                                                                                               |                8 |             32 |
|  ap_clk_IBUF_BUFG | grp_detect_face_downscale_fu_395/detect_face_udiv_24ns_32ns_32_28_seq_U2/detect_face_udiv_24ns_32ns_32_28_seq_div_U/start0_reg_n_0                                               |                                                                                                                                                                                      |               17 |             32 |
|  ap_clk_IBUF_BUFG | grp_detect_face_cascade_classifier_fu_330/tmp_47_reg_22270                                                                                                                       |                                                                                                                                                                                      |                8 |             32 |
|  ap_clk_IBUF_BUFG | grp_detect_face_cascade_classifier_fu_330/tmp_55_reg_23170                                                                                                                       |                                                                                                                                                                                      |                8 |             32 |
|  ap_clk_IBUF_BUFG | grp_detect_face_downscale_fu_395/detect_face_udiv_25ns_32ns_32_29_seq_U1/detect_face_udiv_25ns_32ns_32_29_seq_div_U/start0                                                       |                                                                                                                                                                                      |               12 |             32 |
|  ap_clk_IBUF_BUFG | grp_detect_face_cascade_classifier_fu_330/ap_sig_284                                                                                                                             |                                                                                                                                                                                      |                9 |             32 |
|  ap_clk_IBUF_BUFG | grp_detect_face_cascade_classifier_fu_330/feature_index_reg_65605_out                                                                                                            | grp_detect_face_cascade_classifier_fu_330/grp_detect_face_int_sqrt_fu_701/feature_index_reg_656                                                                                      |               11 |             44 |
|  ap_clk_IBUF_BUFG | grp_detect_face_cascade_classifier_fu_330/E[0]                                                                                                                                   | detect_face_dmul_64ns_64ns_64_4_max_dsp_U47/detect_face_ap_dmul_2_max_dsp_64_u/U0/i_synth/MULT.OP/EXP/STATE_DELAY/i_pipe/SR[0]                                                       |               14 |             51 |
|  ap_clk_IBUF_BUFG | grp_detect_face_cascade_classifier_fu_330/detect_face_mul_mul_8s_16ns_24_1_U10/detect_face_mul_mul_8s_16ns_24_1_DSP48_0_U/FEATURE_THRESH_load_reg_22520                          |                                                                                                                                                                                      |               23 |             51 |
|  ap_clk_IBUF_BUFG | grp_detect_face_cascade_classifier_fu_330/E[0]                                                                                                                                   |                                                                                                                                                                                      |               19 |             52 |
|  ap_clk_IBUF_BUFG | grp_detect_face_cascade_classifier_fu_330/FEATURE_ABOVE_ce0                                                                                                                      |                                                                                                                                                                                      |               10 |             52 |
|  ap_clk_IBUF_BUFG | grp_detect_face_cascade_classifier_fu_330/ap_CS_fsm[2]_i_1__0_n_0                                                                                                                |                                                                                                                                                                                      |               18 |             56 |
|  ap_clk_IBUF_BUFG | grp_detect_face_cascade_classifier_fu_330/grp_detect_face_int_sqrt_fu_701/ap_sig_71                                                                                              |                                                                                                                                                                                      |               21 |             63 |
|  ap_clk_IBUF_BUFG | ap_sig_280                                                                                                                                                                       | accum_reg_2930                                                                                                                                                                       |               16 |             64 |
|  ap_clk_IBUF_BUFG | grp_detect_face_cascade_classifier_fu_330/ap_sig_247                                                                                                                             |                                                                                                                                                                                      |               17 |             64 |
|  ap_clk_IBUF_BUFG | grp_detect_face_cascade_classifier_fu_330/ap_sig_271                                                                                                                             |                                                                                                                                                                                      |               19 |             64 |
|  ap_clk_IBUF_BUFG | grp_detect_face_cascade_classifier_fu_330/col_reg_6330                                                                                                                           |                                                                                                                                                                                      |               20 |             66 |
|  ap_clk_IBUF_BUFG | ap_sig_165                                                                                                                                                                       | curr_height_reg_2231                                                                                                                                                                 |               37 |             77 |
|  ap_clk_IBUF_BUFG |                                                                                                                                                                                  | ap_rst_IBUF                                                                                                                                                                          |               52 |            104 |
|  ap_clk_IBUF_BUFG | grp_detect_face_cascade_classifier_fu_330/col_reg_63306_out                                                                                                                      | grp_detect_face_cascade_classifier_fu_330/col_reg_633                                                                                                                                |               32 |            128 |
|  ap_clk_IBUF_BUFG |                                                                                                                                                                                  |                                                                                                                                                                                      |              184 |            539 |
+-------------------+----------------------------------------------------------------------------------------------------------------------------------------------------------------------------------+--------------------------------------------------------------------------------------------------------------------------------------------------------------------------------------+------------------+----------------+


